<html><body>
<h1>title</h1>
<p>a paragraph</p>
<p></p>
<div class="alert alert-danger">
        error
    </div>
</body></html>
