<html><body>
<h1>Title</h1>
<p>a paragraph with a <a href="http://example.com">link</a> and a <em>emphasized text</em>.</p>
</body></html>
